pruned stale run e10_upright_w05
TensorBoard: http://localhost:6008/  (logdir C:\Users\punko\Downloads\PoRacer\training\mojucuboy\runs)
Warp 1.17.0 initialized:
   CUDA Toolkit 12.9, Driver 13.3
   Devices:
     "cpu"      : "Intel64 Family 6 Model 165 Stepping 2, GenuineIntel"
     "cuda:0"   : "NVIDIA GeForce RTX 2060" (6 GiB, sm_75, mempool enabled)
   Kernel cache:
     \\?\C:\Users\punko\AppData\Local\NVIDIA\warp\Cache\1.17.0
resumed from e15_best at iteration 700
run e17c_ctrl060: 8192 worlds x 24 steps = 196608 samples/iter
Module mujoco_warp._src.smooth 8c63ed1 load on device 'cuda:0' took 8.14 ms  (cached)
Module _nxn_broadphase__locals__kernel_04e59282 04e5928 load on device 'cuda:0' took 9.97 ms  (cached)
Module ccd_kernel_builder__locals__ccd_kernel_e2b04b3d e2b04b3 load on device 'cuda:0' took 7.89 ms  (cached)
Module ccd_kernel_builder__locals__ccd_kernel_e2b04b3d 97ccd4b load on device 'cuda:0' took 5.78 ms  (cached)
Module _primitive_narrowphase__locals__primitive_narrowphase_fd668c2e fd668c2 load on device 'cuda:0' took 2.06 ms  (cached)
Module mujoco_warp._src.constraint 8d4d513 load on device 'cuda:0' took 1.28 ms  (cached)
Module _friction_dof__locals__kernel_f5f6cb7e f5f6cb7 load on device 'cuda:0' took 3.50 ms  (cached)
Module _limit_slide_hinge__locals__kernel_3fb01e2e 3fb01e2 load on device 'cuda:0' took 2.00 ms  (cached)
Module _efc_contact_init__locals__kernel_473c42e6 473c42e load on device 'cuda:0' took 1.25 ms  (cached)
Module _efc_contact_jac_dense__locals__kernel_b0c1fdf8 5fcbd59 load on device 'cuda:0' took 1.47 ms  (cached)
Module _efc_contact_update__locals__kernel_73455435 7345543 load on device 'cuda:0' took 1.15 ms  (cached)
Module mujoco_warp._src.forward e25d035 load on device 'cuda:0' took 5.75 ms  (cached)
Module mujoco_warp._src.passive c0239e8 load on device 'cuda:0' took 2.73 ms  (cached)
Module _qfrc_passive_kernel__locals__kernel_976399dd 976399d load on device 'cuda:0' took 1.33 ms  (cached)
Module mujoco_warp._src.forward 0538b10 load on device 'cuda:0' took 2.84 ms  (cached)
Module _qfrc_smooth__locals__kernel_8b823980 8b82398 load on device 'cuda:0' took 3.00 ms  (cached)
Module mujoco_warp._src.support 770ef7d load on device 'cuda:0' took 2.68 ms  (cached)
Module _tile_cholesky_factorize_solve_block__locals__kernel_72509aa7 96b6cf8 load on device 'cuda:0' took 150.71 ms  (cached)
Module _solve_init_dof__locals__kernel_021c7a0e 021c7a0 load on device 'cuda:0' took 1.66 ms  (cached)
Module mujoco_warp._src.solver 6f966b9 load on device 'cuda:0' took 2.15 ms  (cached)
Module _solve_init_jaref_kernel__locals__kernel_e2cea4fa e2cea4f load on device 'cuda:0' took 3.11 ms  (cached)
Module mul_m_kernel__locals___mul_m_f3de1cc7 f3de1cc load on device 'cuda:0' took 1.61 ms  (cached)
Module _update_constraint_efc__locals__kernel_0539aa50 0539aa5 load on device 'cuda:0' took 1.32 ms  (cached)
Module _update_constraint_init_qfrc_constraint_dense__locals__kernel_bd7ca2ec bd7ca2e load on device 'cuda:0' took 1.10 ms  (cached)
Module _update_gradient_zero_grad_dot__locals__kernel_b20934d7 b20934d load on device 'cuda:0' took 1.26 ms  (cached)
Module _update_gradient_grad__locals__kernel_c876081d c876081 load on device 'cuda:0' took 3.04 ms  (cached)
Module _update_gradient_JTDAJ_dense_tiled__locals__kernel_f8d61a86 e5b8745 load on device 'cuda:0' took 5.42 ms  (cached)
Module _update_gradient_cholesky__locals__kernel_f20122f4 3777448 load on device 'cuda:0' took 126.64 ms  (cached)
Module _linesearch_iterative_kernel__locals__kernel_f405cf4e bd6a3fb load on device 'cuda:0' took 4.38 ms  (cached)
Module _update_constraint_efc__locals__kernel_e953547e e953547 load on device 'cuda:0' took 3.04 ms  (cached)
Module _update_constraint_init_qfrc_constraint_dense__locals__kernel_d92a3413 d92a341 load on device 'cuda:0' took 1.25 ms  (cached)
Module _update_gradient_zero_grad_dot__locals__kernel_e9f8c963 e9f8c96 load on device 'cuda:0' took 2.36 ms  (cached)
Module _update_gradient_grad__locals__kernel_87959044 8795904 load on device 'cuda:0' took 3.54 ms  (cached)
Module _update_gradient_cholesky__locals__kernel_c1329b5b 11a8741 load on device 'cuda:0' took 145.30 ms  (cached)
Module _solve_done__locals__kernel_ee21dcc3 ee21dcc load on device 'cuda:0' took 2.15 ms  (cached)
Module mujoco_warp._src.derivative 339dfbe load on device 'cuda:0' took 3.80 ms  (cached)
Module _next_time_builder__locals___next_time_6a85bd47 6a85bd4 load on device 'cuda:0' took 7.73 ms  (cached)
iter    5  steps    0.98M  trk 0.78  vel  1.02 m/s  hdg  25.8deg  lat 0.31  upr 0.85  std 0.78     24k steps/s
iter   10  steps    1.97M  trk 0.79  vel  1.09 m/s  hdg  24.2deg  lat 0.39  upr 0.86  std 0.78     24k steps/s
iter   15  steps    2.95M  trk 0.78  vel  1.10 m/s  hdg  25.3deg  lat 0.47  upr 0.85  std 0.77     24k steps/s
iter   20  steps    3.93M  trk 0.69  vel  1.10 m/s  hdg  26.2deg  lat 0.48  upr 0.85  std 0.77     24k steps/s
iter   25  steps    4.92M  trk 0.79  vel  1.04 m/s  hdg  25.4deg  lat 0.23  upr 0.85  std 0.77     24k steps/s
iter   30  steps    5.90M  trk 0.79  vel  1.02 m/s  hdg  25.8deg  lat 0.24  upr 0.85  std 0.77     24k steps/s
iter   35  steps    6.88M  trk 0.79  vel  1.02 m/s  hdg  25.8deg  lat 0.19  upr 0.85  std 0.77     24k steps/s
iter   40  steps    7.86M  trk 0.79  vel  1.02 m/s  hdg  26.6deg  lat 0.24  upr 0.85  std 0.77     24k steps/s
iter   45  steps    8.85M  ret 1763.09  len 1000.0  spd  1.01 m/s  fall 0.25  trk 0.72  vel  0.88 m/s  hdg  32.7deg  lat 0.28  upr 0.84  std 0.77     24k steps/s
iter   50  steps    9.83M  trk 0.78  vel  1.07 m/s  hdg  25.9deg  lat 0.29  upr 0.86  std 0.77     24k steps/s
iter   55  steps   10.81M  trk 0.68  vel  1.09 m/s  hdg  25.7deg  lat 0.37  upr 0.85  std 0.77     24k steps/s
iter   60  steps   11.80M  trk 0.79  vel  1.06 m/s  hdg  27.4deg  lat 0.18  upr 0.85  std 0.77     24k steps/s
iter   65  steps   12.78M  trk 0.78  vel  1.09 m/s  hdg  27.4deg  lat 0.24  upr 0.85  std 0.77     24k steps/s
iter   70  steps   13.76M  trk 0.78  vel  1.07 m/s  hdg  26.1deg  lat 0.26  upr 0.85  std 0.77     24k steps/s
iter   75  steps   14.75M  trk 0.77  vel  1.07 m/s  hdg  26.0deg  lat 0.32  upr 0.85  std 0.77     24k steps/s
iter   80  steps   15.73M  trk 0.67  vel  1.07 m/s  hdg  25.3deg  lat 0.38  upr 0.84  std 0.76     24k steps/s
iter   85  steps   16.71M  ret 1764.40  len 1000.0  spd  1.02 m/s  fall 0.25  trk 0.42  vel  0.35 m/s  hdg  59.5deg  lat 0.33  upr 0.86  std 0.81     23k steps/s
iter   90  steps   17.69M  trk 0.73  vel  1.06 m/s  hdg  24.4deg  lat 0.31  upr 0.85  std 0.78     23k steps/s
iter   95  steps   18.68M  trk 0.80  vel  1.07 m/s  hdg  24.2deg  lat 0.21  upr 0.85  std 0.78     23k steps/s
iter  100  steps   19.66M  trk 0.79  vel  1.09 m/s  hdg  24.3deg  lat 0.24  upr 0.85  std 0.78     23k steps/s
iter  105  steps   20.64M  trk 0.79  vel  1.08 m/s  hdg  24.8deg  lat 0.29  upr 0.85  std 0.77     23k steps/s
iter  110  steps   21.63M  trk 0.75  vel  1.06 m/s  hdg  25.6deg  lat 0.38  upr 0.84  std 0.77     23k steps/s
iter  115  steps   22.61M  trk 0.72  vel  1.02 m/s  hdg  25.8deg  lat 0.31  upr 0.85  std 0.77     23k steps/s
iter  120  steps   23.59M  trk 0.79  vel  1.04 m/s  hdg  25.7deg  lat 0.21  upr 0.85  std 0.77     23k steps/s
iter  125  steps   24.58M  ret 1783.25  len 1000.0  spd  1.01 m/s  fall 0.24  trk 0.79  vel  1.05 m/s  hdg  25.2deg  lat 0.20  upr 0.85  std 0.77     23k steps/s
iter  130  steps   25.56M  trk 0.77  vel  1.12 m/s  hdg  28.8deg  lat 0.26  upr 0.84  std 0.77     23k steps/s
iter  135  steps   26.54M  trk 0.78  vel  1.14 m/s  hdg  27.4deg  lat 0.31  upr 0.84  std 0.77     23k steps/s
iter  140  steps   27.53M  trk 0.78  vel  1.12 m/s  hdg  27.0deg  lat 0.30  upr 0.84  std 0.77     23k steps/s
iter  145  steps   28.51M  trk 0.68  vel  1.15 m/s  hdg  27.2deg  lat 0.41  upr 0.84  std 0.76     23k steps/s
iter  150  steps   29.49M  trk 0.78  vel  1.09 m/s  hdg  25.9deg  lat 0.17  upr 0.84  std 0.76     23k steps/s
iter  155  steps   30.47M  trk 0.79  vel  1.06 m/s  hdg  25.5deg  lat 0.16  upr 0.84  std 0.76     23k steps/s
iter  160  steps   31.46M  trk 0.79  vel  1.05 m/s  hdg  25.6deg  lat 0.17  upr 0.83  std 0.76     23k steps/s
iter  165  steps   32.44M  trk 0.78  vel  1.05 m/s  hdg  26.8deg  lat 0.25  upr 0.83  std 0.76     23k steps/s
iter  170  steps   33.42M  ret 1750.98  len 1000.0  spd  1.06 m/s  fall 0.25  trk 0.72  vel  0.88 m/s  hdg  32.5deg  lat 0.26  upr 0.83  std 0.78     23k steps/s
iter  175  steps   34.41M  trk 0.78  vel  1.12 m/s  hdg  25.4deg  lat 0.30  upr 0.83  std 0.78     23k steps/s
iter  180  steps   35.39M  trk 0.68  vel  1.09 m/s  hdg  24.6deg  lat 0.39  upr 0.83  std 0.77     23k steps/s
iter  185  steps   36.37M  trk 0.80  vel  1.04 m/s  hdg  24.4deg  lat 0.16  upr 0.84  std 0.78     23k steps/s
iter  190  steps   37.36M  trk 0.80  vel  1.05 m/s  hdg  24.3deg  lat 0.14  upr 0.84  std 0.78     23k steps/s
iter  195  steps   38.34M  trk 0.80  vel  1.05 m/s  hdg  24.8deg  lat 0.18  upr 0.84  std 0.77     23k steps/s
iter  200  steps   39.32M  trk 0.78  vel  1.05 m/s  hdg  25.4deg  lat 0.28  upr 0.84  std 0.77     23k steps/s
iter  205  steps   40.30M  trk 0.68  vel  1.07 m/s  hdg  24.7deg  lat 0.37  upr 0.83  std 0.77     23k steps/s
iter  210  steps   41.29M  ret 1800.90  len 1000.0  spd  1.02 m/s  fall 0.24  trk 0.43  vel  0.38 m/s  hdg  63.0deg  lat 0.32  upr 0.86  std 0.82     23k steps/s
iter  215  steps   42.27M  trk 0.74  vel  1.04 m/s  hdg  23.4deg  lat 0.26  upr 0.85  std 0.79     23k steps/s
iter  220  steps   43.25M  trk 0.81  vel  1.03 m/s  hdg  22.7deg  lat 0.14  upr 0.85  std 0.79     23k steps/s
iter  225  steps   44.24M  trk 0.81  vel  1.05 m/s  hdg  22.8deg  lat 0.15  upr 0.85  std 0.79     23k steps/s
iter  230  steps   45.22M  trk 0.81  vel  1.03 m/s  hdg  23.6deg  lat 0.21  upr 0.84  std 0.79     23k steps/s
iter  235  steps   46.20M  trk 0.77  vel  1.06 m/s  hdg  23.9deg  lat 0.32  upr 0.84  std 0.79     23k steps/s
iter  240  steps   47.19M  trk 0.74  vel  1.08 m/s  hdg  22.5deg  lat 0.26  upr 0.84  std 0.79     23k steps/s
iter  245  steps   48.17M  trk 0.81  vel  1.07 m/s  hdg  22.4deg  lat 0.14  upr 0.84  std 0.79     23k steps/s
iter  250  steps   49.15M  ret 1845.65  len 1000.0  spd  1.02 m/s  fall 0.23  trk 0.81  vel  1.10 m/s  hdg  22.6deg  lat 0.14  upr 0.84  std 0.79     23k steps/s
iter  255  steps   50.14M  trk 0.81  vel  1.06 m/s  hdg  24.5deg  lat 0.19  upr 0.85  std 0.80     23k steps/s
iter  260  steps   51.12M  trk 0.82  vel  1.10 m/s  hdg  23.0deg  lat 0.20  upr 0.85  std 0.80     23k steps/s
iter  265  steps   52.10M  trk 0.82  vel  1.12 m/s  hdg  22.9deg  lat 0.28  upr 0.85  std 0.80     23k steps/s
iter  270  steps   53.08M  trk 0.72  vel  1.15 m/s  hdg  21.9deg  lat 0.38  upr 0.85  std 0.80     23k steps/s
iter  275  steps   54.07M  trk 0.82  vel  1.12 m/s  hdg  21.2deg  lat 0.13  upr 0.85  std 0.80     23k steps/s
iter  280  steps   55.05M  trk 0.82  vel  1.11 m/s  hdg  21.1deg  lat 0.14  upr 0.85  std 0.80     23k steps/s
iter  285  steps   56.03M  trk 0.82  vel  1.09 m/s  hdg  21.5deg  lat 0.15  upr 0.85  std 0.80     23k steps/s
iter  290  steps   57.02M  trk 0.82  vel  1.09 m/s  hdg  22.3deg  lat 0.22  upr 0.85  std 0.80     23k steps/s
iter  295  steps   58.00M  ret 1887.59  len 1000.0  spd  1.06 m/s  fall 0.21  trk 0.73  vel  0.89 m/s  hdg  36.0deg  lat 0.27  upr 0.84  std 0.79     23k steps/s
iter  300  steps   58.98M  trk 0.79  vel  1.08 m/s  hdg  24.8deg  lat 0.29  upr 0.84  std 0.78     23k steps/s
best checkpoint: standing 0.7871 -> C:\Users\punko\Downloads\PoRacer\training\mojucuboy\runs\e17c_ctrl060\policy_best.pt
done: C:\Users\punko\Downloads\PoRacer\training\mojucuboy\runs\e17c_ctrl060\policy.pt
