TensorBoard: http://localhost:6008/  (logdir C:\Users\punko\Downloads\PoRacer\training\mojucuboy\runs)
Warp 1.17.0 initialized:
   CUDA Toolkit 12.9, Driver 13.3
   Devices:
     "cpu"      : "Intel64 Family 6 Model 165 Stepping 2, GenuineIntel"
     "cuda:0"   : "NVIDIA GeForce RTX 2060" (6 GiB, sm_75, mempool enabled)
   Kernel cache:
     \\?\C:\Users\punko\AppData\Local\NVIDIA\warp\Cache\1.17.0
resumed from e15_best at iteration 700
run g22c_sd50: 4096 worlds x 24 steps = 98304 samples/iter
Module mujoco_warp._src.smooth 8c63ed1 load on device 'cuda:0' took 6.96 ms  (cached)
Module _nxn_broadphase__locals__kernel_04e59282 04e5928 load on device 'cuda:0' took 3.86 ms  (cached)
Module ccd_kernel_builder__locals__ccd_kernel_e2b04b3d e2b04b3 load on device 'cuda:0' took 5.72 ms  (cached)
Module ccd_kernel_builder__locals__ccd_kernel_e2b04b3d 97ccd4b load on device 'cuda:0' took 7.01 ms  (cached)
Module _primitive_narrowphase__locals__primitive_narrowphase_fd668c2e fd668c2 load on device 'cuda:0' took 4.55 ms  (cached)
Module mujoco_warp._src.constraint 8d4d513 load on device 'cuda:0' took 5.19 ms  (cached)
Module _friction_dof__locals__kernel_f5f6cb7e f5f6cb7 load on device 'cuda:0' took 5.29 ms  (cached)
Module _limit_slide_hinge__locals__kernel_3fb01e2e 3fb01e2 load on device 'cuda:0' took 5.52 ms  (cached)
Module _efc_contact_init__locals__kernel_473c42e6 473c42e load on device 'cuda:0' took 4.22 ms  (cached)
Module _efc_contact_jac_dense__locals__kernel_b0c1fdf8 5fcbd59 load on device 'cuda:0' took 5.30 ms  (cached)
Module _efc_contact_update__locals__kernel_73455435 7345543 load on device 'cuda:0' took 3.99 ms  (cached)
Module mujoco_warp._src.forward e25d035 load on device 'cuda:0' took 5.08 ms  (cached)
Module mujoco_warp._src.passive c0239e8 load on device 'cuda:0' took 4.94 ms  (cached)
Module _qfrc_passive_kernel__locals__kernel_976399dd 976399d load on device 'cuda:0' took 4.92 ms  (cached)
Module mujoco_warp._src.forward 0538b10 load on device 'cuda:0' took 4.93 ms  (cached)
Module _qfrc_smooth__locals__kernel_8b823980 8b82398 load on device 'cuda:0' took 5.11 ms  (cached)
Module mujoco_warp._src.support 770ef7d load on device 'cuda:0' took 3.69 ms  (cached)
Module _tile_cholesky_factorize_solve_block__locals__kernel_72509aa7 96b6cf8 load on device 'cuda:0' took 251.08 ms  (cached)
Module _solve_init_dof__locals__kernel_021c7a0e 021c7a0 load on device 'cuda:0' took 2.95 ms  (cached)
Module mujoco_warp._src.solver 6f966b9 load on device 'cuda:0' took 5.02 ms  (cached)
Module _solve_init_jaref_kernel__locals__kernel_e2cea4fa e2cea4f load on device 'cuda:0' took 1.95 ms  (cached)
Module mul_m_kernel__locals___mul_m_f3de1cc7 f3de1cc load on device 'cuda:0' took 2.34 ms  (cached)
Module _update_constraint_efc__locals__kernel_0539aa50 0539aa5 load on device 'cuda:0' took 1.93 ms  (cached)
Module _update_constraint_init_qfrc_constraint_dense__locals__kernel_bd7ca2ec bd7ca2e load on device 'cuda:0' took 2.82 ms  (cached)
Module _update_gradient_zero_grad_dot__locals__kernel_b20934d7 b20934d load on device 'cuda:0' took 3.53 ms  (cached)
Module _update_gradient_grad__locals__kernel_c876081d c876081 load on device 'cuda:0' took 3.05 ms  (cached)
Module _update_gradient_JTDAJ_dense_tiled__locals__kernel_f8d61a86 e5b8745 load on device 'cuda:0' took 7.31 ms  (cached)
Module _update_gradient_cholesky__locals__kernel_f20122f4 3777448 load on device 'cuda:0' took 237.52 ms  (cached)
Module _linesearch_iterative_kernel__locals__kernel_f405cf4e bd6a3fb load on device 'cuda:0' took 4.87 ms  (cached)
Module _update_constraint_efc__locals__kernel_e953547e e953547 load on device 'cuda:0' took 3.26 ms  (cached)
Module _update_constraint_init_qfrc_constraint_dense__locals__kernel_d92a3413 d92a341 load on device 'cuda:0' took 3.18 ms  (cached)
Module _update_gradient_zero_grad_dot__locals__kernel_e9f8c963 e9f8c96 load on device 'cuda:0' took 1.90 ms  (cached)
Module _update_gradient_grad__locals__kernel_87959044 8795904 load on device 'cuda:0' took 1.79 ms  (cached)
Module _update_gradient_cholesky__locals__kernel_c1329b5b 11a8741 load on device 'cuda:0' took 256.55 ms  (cached)
Module _solve_done__locals__kernel_ee21dcc3 ee21dcc load on device 'cuda:0' took 3.95 ms  (cached)
Module mujoco_warp._src.derivative 339dfbe load on device 'cuda:0' took 2.42 ms  (cached)
Module _next_time_builder__locals___next_time_6a85bd47 6a85bd4 load on device 'cuda:0' took 5.23 ms  (cached)
iter    5  steps    0.49M  trk 0.77  vel  1.01 m/s  hdg  25.9deg  lat 0.30  upr 0.85  std 0.78     18k steps/s
iter   10  steps    0.98M  trk 0.79  vel  1.06 m/s  hdg  24.3deg  lat 0.38  upr 0.86  std 0.78     18k steps/s
iter   15  steps    1.47M  trk 0.79  vel  1.04 m/s  hdg  25.0deg  lat 0.42  upr 0.86  std 0.78     18k steps/s
iter   20  steps    1.97M  trk 0.69  vel  1.00 m/s  hdg  25.3deg  lat 0.49  upr 0.86  std 0.77     17k steps/s
iter   25  steps    2.46M  trk 0.79  vel  1.03 m/s  hdg  23.9deg  lat 0.29  upr 0.86  std 0.78     17k steps/s
iter   30  steps    2.95M  trk 0.79  vel  1.03 m/s  hdg  23.8deg  lat 0.29  upr 0.86  std 0.78     18k steps/s
iter   35  steps    3.44M  trk 0.79  vel  1.03 m/s  hdg  24.0deg  lat 0.28  upr 0.86  std 0.77     18k steps/s
iter   40  steps    3.93M  trk 0.79  vel  1.04 m/s  hdg  25.2deg  lat 0.33  upr 0.86  std 0.77     18k steps/s
iter   45  steps    4.42M  ret 2260.77  len 1000.0  spd  0.99 m/s  fall 0.24  trk 0.68  vel  0.81 m/s  hdg  37.7deg  lat 0.38  upr 0.83  std 0.76     18k steps/s
iter   50  steps    4.92M  trk 0.74  vel  0.96 m/s  hdg  30.6deg  lat 0.36  upr 0.84  std 0.74     19k steps/s
iter   55  steps    5.41M  trk 0.65  vel  0.97 m/s  hdg  29.4deg  lat 0.39  upr 0.84  std 0.73     19k steps/s
iter   60  steps    5.90M  trk 0.76  vel  0.97 m/s  hdg  28.4deg  lat 0.19  upr 0.84  std 0.73     19k steps/s
iter   65  steps    6.39M  trk 0.75  vel  0.96 m/s  hdg  28.6deg  lat 0.23  upr 0.84  std 0.73     19k steps/s
iter   70  steps    6.88M  trk 0.75  vel  0.97 m/s  hdg  29.3deg  lat 0.27  upr 0.84  std 0.73     19k steps/s
iter   75  steps    7.37M  trk 0.74  vel  0.96 m/s  hdg  30.5deg  lat 0.34  upr 0.83  std 0.73     19k steps/s
iter   80  steps    7.86M  trk 0.65  vel  0.99 m/s  hdg  29.2deg  lat 0.39  upr 0.83  std 0.73     19k steps/s
iter   85  steps    8.36M  ret 2139.72  len 1000.0  spd  0.93 m/s  fall 0.29  trk 0.37  vel  0.25 m/s  hdg  60.4deg  lat 0.39  upr 0.85  std 0.79     19k steps/s
iter   90  steps    8.85M  trk 0.63  vel  0.81 m/s  hdg  36.7deg  lat 0.38  upr 0.80  std 0.69     19k steps/s
iter   95  steps    9.34M  trk 0.70  vel  0.85 m/s  hdg  34.8deg  lat 0.35  upr 0.80  std 0.68     19k steps/s
iter  100  steps    9.83M  trk 0.70  vel  0.86 m/s  hdg  35.2deg  lat 0.36  upr 0.80  std 0.68     19k steps/s
iter  105  steps   10.32M  trk 0.70  vel  0.88 m/s  hdg  36.4deg  lat 0.39  upr 0.80  std 0.67     19k steps/s
iter  110  steps   10.81M  trk 0.66  vel  0.91 m/s  hdg  37.8deg  lat 0.42  upr 0.79  std 0.67     19k steps/s
iter  115  steps   11.30M  trk 0.64  vel  0.90 m/s  hdg  36.2deg  lat 0.34  upr 0.80  std 0.67     19k steps/s
iter  120  steps   11.80M  trk 0.69  vel  0.89 m/s  hdg  36.3deg  lat 0.30  upr 0.80  std 0.67     19k steps/s
iter  125  steps   12.29M  ret 1949.44  len 1000.0  spd  0.83 m/s  fall 0.35  trk 0.69  vel  0.88 m/s  hdg  36.6deg  lat 0.36  upr 0.80  std 0.67     19k steps/s
iter  130  steps   12.78M  trk 0.68  vel  0.84 m/s  hdg  34.7deg  lat 0.36  upr 0.81  std 0.71     19k steps/s
iter  135  steps   13.27M  trk 0.72  vel  0.94 m/s  hdg  32.3deg  lat 0.33  upr 0.81  std 0.70     19k steps/s
iter  140  steps   13.76M  trk 0.71  vel  0.95 m/s  hdg  33.7deg  lat 0.36  upr 0.81  std 0.69     19k steps/s
iter  145  steps   14.25M  trk 0.62  vel  0.98 m/s  hdg  34.0deg  lat 0.41  upr 0.81  std 0.69     19k steps/s
iter  150  steps   14.75M  trk 0.71  vel  0.94 m/s  hdg  34.3deg  lat 0.29  upr 0.81  std 0.69     19k steps/s
iter  155  steps   15.24M  trk 0.71  vel  0.91 m/s  hdg  33.9deg  lat 0.30  upr 0.81  std 0.69     19k steps/s
iter  160  steps   15.73M  trk 0.71  vel  0.89 m/s  hdg  33.7deg  lat 0.28  upr 0.81  std 0.69     19k steps/s
iter  165  steps   16.22M  trk 0.71  vel  0.91 m/s  hdg  35.1deg  lat 0.34  upr 0.81  std 0.68     19k steps/s
iter  170  steps   16.71M  ret 1994.19  len 1000.0  spd  0.88 m/s  fall 0.34  trk 0.59  vel  0.63 m/s  hdg  41.8deg  lat 0.37  upr 0.80  std 0.71     19k steps/s
iter  175  steps   17.20M  trk 0.69  vel  0.93 m/s  hdg  37.3deg  lat 0.42  upr 0.81  std 0.68     19k steps/s
iter  180  steps   17.69M  trk 0.61  vel  0.95 m/s  hdg  35.3deg  lat 0.45  upr 0.80  std 0.68     19k steps/s
iter  185  steps   18.19M  trk 0.71  vel  0.93 m/s  hdg  34.8deg  lat 0.25  upr 0.81  std 0.68     19k steps/s
iter  190  steps   18.68M  trk 0.71  vel  0.92 m/s  hdg  35.2deg  lat 0.27  upr 0.81  std 0.68     19k steps/s
iter  195  steps   19.17M  trk 0.71  vel  0.89 m/s  hdg  35.2deg  lat 0.31  upr 0.81  std 0.68     19k steps/s
iter  200  steps   19.66M  trk 0.69  vel  0.91 m/s  hdg  36.5deg  lat 0.37  upr 0.80  std 0.67     19k steps/s
iter  205  steps   20.15M  trk 0.61  vel  0.89 m/s  hdg  35.1deg  lat 0.40  upr 0.80  std 0.67     19k steps/s
iter  210  steps   20.64M  ret 1960.37  len 1000.0  spd  0.86 m/s  fall 0.35  trk 0.37  vel  0.24 m/s  hdg  62.9deg  lat 0.41  upr 0.85  std 0.79     19k steps/s
iter  215  steps   21.14M  trk 0.64  vel  0.84 m/s  hdg  35.3deg  lat 0.33  upr 0.80  std 0.67     19k steps/s
iter  220  steps   21.63M  trk 0.70  vel  0.86 m/s  hdg  34.7deg  lat 0.24  upr 0.80  std 0.67     19k steps/s
iter  225  steps   22.12M  trk 0.70  vel  0.85 m/s  hdg  34.7deg  lat 0.23  upr 0.80  std 0.67     19k steps/s
iter  230  steps   22.61M  trk 0.70  vel  0.87 m/s  hdg  35.1deg  lat 0.26  upr 0.80  std 0.67     19k steps/s
iter  235  steps   23.10M  trk 0.66  vel  0.87 m/s  hdg  36.0deg  lat 0.35  upr 0.79  std 0.66     19k steps/s
iter  240  steps   23.59M  trk 0.64  vel  0.86 m/s  hdg  34.1deg  lat 0.31  upr 0.80  std 0.66     19k steps/s
iter  245  steps   24.08M  trk 0.70  vel  0.87 m/s  hdg  34.2deg  lat 0.26  upr 0.80  std 0.66     19k steps/s
iter  250  steps   24.58M  ret 1926.78  len 1000.0  spd  0.82 m/s  fall 0.36  trk 0.69  vel  0.86 m/s  hdg  34.2deg  lat 0.28  upr 0.80  std 0.66     19k steps/s
iter  255  steps   25.07M  trk 0.67  vel  0.82 m/s  hdg  37.6deg  lat 0.25  upr 0.80  std 0.66     19k steps/s
iter  260  steps   25.56M  trk 0.69  vel  0.90 m/s  hdg  36.3deg  lat 0.23  upr 0.80  std 0.66     19k steps/s
iter  265  steps   26.05M  trk 0.69  vel  0.88 m/s  hdg  36.6deg  lat 0.29  upr 0.80  std 0.66     19k steps/s
iter  270  steps   26.54M  trk 0.61  vel  0.89 m/s  hdg  37.6deg  lat 0.38  upr 0.79  std 0.66     19k steps/s
iter  275  steps   27.03M  trk 0.69  vel  0.89 m/s  hdg  36.2deg  lat 0.21  upr 0.80  std 0.66     19k steps/s
iter  280  steps   27.53M  trk 0.69  vel  0.89 m/s  hdg  36.3deg  lat 0.24  upr 0.80  std 0.66     19k steps/s
iter  285  steps   28.02M  trk 0.69  vel  0.88 m/s  hdg  36.4deg  lat 0.28  upr 0.80  std 0.66     19k steps/s
iter  290  steps   28.51M  trk 0.68  vel  0.89 m/s  hdg  37.5deg  lat 0.32  upr 0.79  std 0.66     19k steps/s
iter  295  steps   29.00M  ret 1910.01  len 1000.0  spd  0.84 m/s  fall 0.37  trk 0.52  vel  0.49 m/s  hdg  45.7deg  lat 0.41  upr 0.75  std 0.62     19k steps/s
iter  300  steps   29.49M  trk 0.61  vel  0.76 m/s  hdg  41.7deg  lat 0.36  upr 0.76  std 0.60     19k steps/s
iter  305  steps   29.98M  trk 0.55  vel  0.76 m/s  hdg  41.4deg  lat 0.43  upr 0.76  std 0.59     19k steps/s
iter  310  steps   30.47M  trk 0.63  vel  0.72 m/s  hdg  40.5deg  lat 0.34  upr 0.76  std 0.59     19k steps/s
iter  315  steps   30.97M  trk 0.63  vel  0.74 m/s  hdg  40.5deg  lat 0.32  upr 0.76  std 0.59     19k steps/s
iter  320  steps   31.46M  trk 0.63  vel  0.74 m/s  hdg  40.5deg  lat 0.30  upr 0.76  std 0.59     19k steps/s
iter  325  steps   31.95M  trk 0.62  vel  0.76 m/s  hdg  41.7deg  lat 0.33  upr 0.76  std 0.59     19k steps/s
iter  330  steps   32.44M  trk 0.54  vel  0.78 m/s  hdg  41.1deg  lat 0.36  upr 0.76  std 0.59     19k steps/s
iter  335  steps   32.93M  ret 1704.35  len 1000.0  spd  0.71 m/s  fall 0.44  trk 0.33  vel  0.14 m/s  hdg  66.1deg  lat 0.44  upr 0.84  std 0.76     19k steps/s
iter  340  steps   33.42M  trk 0.53  vel  0.67 m/s  hdg  45.9deg  lat 0.36  upr 0.72  std 0.53     19k steps/s
iter  345  steps   33.91M  trk 0.57  vel  0.68 m/s  hdg  47.2deg  lat 0.29  upr 0.72  std 0.53     19k steps/s
iter  350  steps   34.41M  trk 0.57  vel  0.67 m/s  hdg  48.1deg  lat 0.30  upr 0.72  std 0.52     19k steps/s
iter  355  steps   34.90M  trk 0.57  vel  0.66 m/s  hdg  49.0deg  lat 0.30  upr 0.72  std 0.52     19k steps/s
iter  360  steps   35.39M  trk 0.54  vel  0.65 m/s  hdg  50.3deg  lat 0.32  upr 0.71  std 0.52     19k steps/s
iter  365  steps   35.88M  trk 0.53  vel  0.64 m/s  hdg  49.8deg  lat 0.28  upr 0.72  std 0.52     19k steps/s
iter  370  steps   36.37M  trk 0.57  vel  0.63 m/s  hdg  50.4deg  lat 0.17  upr 0.72  std 0.52     19k steps/s
iter  375  steps   36.86M  ret 1506.86  len 1000.0  spd  0.62 m/s  fall 0.52  trk 0.57  vel  0.63 m/s  hdg  50.7deg  lat 0.19  upr 0.72  std 0.52     19k steps/s
iter  380  steps   37.36M  trk 0.59  vel  0.65 m/s  hdg  42.3deg  lat 0.23  upr 0.73  std 0.57     19k steps/s
iter  385  steps   37.85M  trk 0.60  vel  0.69 m/s  hdg  42.5deg  lat 0.21  upr 0.74  std 0.56     19k steps/s
iter  390  steps   38.34M  trk 0.60  vel  0.69 m/s  hdg  43.4deg  lat 0.25  upr 0.74  std 0.56     19k steps/s
iter  395  steps   38.83M  trk 0.54  vel  0.70 m/s  hdg  44.1deg  lat 0.35  upr 0.74  std 0.56     19k steps/s
iter  400  steps   39.32M  trk 0.60  vel  0.68 m/s  hdg  43.6deg  lat 0.28  upr 0.74  std 0.56     19k steps/s
iter  405  steps   39.81M  trk 0.60  vel  0.69 m/s  hdg  44.0deg  lat 0.29  upr 0.74  std 0.56     19k steps/s
iter  410  steps   40.30M  trk 0.60  vel  0.68 m/s  hdg  44.3deg  lat 0.29  upr 0.74  std 0.56     19k steps/s
iter  415  steps   40.80M  trk 0.60  vel  0.69 m/s  hdg  45.4deg  lat 0.31  upr 0.74  std 0.56     19k steps/s
iter  420  steps   41.29M  ret 1619.32  len 1000.0  spd  0.66 m/s  fall 0.48  trk 0.53  vel  0.51 m/s  hdg  45.3deg  lat 0.37  upr 0.73  std 0.61     19k steps/s
iter  425  steps   41.78M  trk 0.61  vel  0.71 m/s  hdg  40.9deg  lat 0.39  upr 0.75  std 0.58     19k steps/s
iter  430  steps   42.27M  trk 0.54  vel  0.72 m/s  hdg  40.5deg  lat 0.45  upr 0.75  std 0.58     19k steps/s
iter  435  steps   42.76M  trk 0.61  vel  0.70 m/s  hdg  40.3deg  lat 0.35  upr 0.76  std 0.58     19k steps/s
iter  440  steps   43.25M  trk 0.61  vel  0.71 m/s  hdg  40.7deg  lat 0.30  upr 0.76  std 0.58     19k steps/s
iter  445  steps   43.75M  trk 0.61  vel  0.71 m/s  hdg  41.4deg  lat 0.32  upr 0.75  std 0.58     19k steps/s
iter  450  steps   44.24M  trk 0.60  vel  0.72 m/s  hdg  42.9deg  lat 0.34  upr 0.75  std 0.58     19k steps/s
iter  455  steps   44.73M  trk 0.53  vel  0.74 m/s  hdg  42.5deg  lat 0.37  upr 0.75  std 0.57     19k steps/s
iter  460  steps   45.22M  ret 1669.18  len 1000.0  spd  0.68 m/s  fall 0.46  trk 0.38  vel  0.27 m/s  hdg  58.5deg  lat 0.37  upr 0.84  std 0.78     19k steps/s
iter  465  steps   45.71M  trk 0.63  vel  0.86 m/s  hdg  33.7deg  lat 0.31  upr 0.80  std 0.66     19k steps/s
iter  470  steps   46.20M  trk 0.69  vel  0.86 m/s  hdg  33.9deg  lat 0.26  upr 0.80  std 0.66     19k steps/s
iter  475  steps   46.69M  trk 0.68  vel  0.84 m/s  hdg  34.5deg  lat 0.28  upr 0.80  std 0.66     19k steps/s
iter  480  steps   47.19M  trk 0.68  vel  0.85 m/s  hdg  35.4deg  lat 0.28  upr 0.80  std 0.66     19k steps/s
iter  485  steps   47.68M  trk 0.65  vel  0.86 m/s  hdg  36.1deg  lat 0.36  upr 0.80  std 0.65     19k steps/s
iter  490  steps   48.17M  trk 0.63  vel  0.85 m/s  hdg  35.1deg  lat 0.33  upr 0.80  std 0.65     19k steps/s
iter  495  steps   48.66M  trk 0.68  vel  0.83 m/s  hdg  34.9deg  lat 0.25  upr 0.80  std 0.65     19k steps/s
iter  500  steps   49.15M  ret 1904.35  len 1000.0  spd  0.82 m/s  fall 0.37  trk 0.68  vel  0.84 m/s  hdg  35.3deg  lat 0.26  upr 0.80  std 0.65     19k steps/s
iter  505  steps   49.64M  trk 0.63  vel  0.76 m/s  hdg  39.2deg  lat 0.24  upr 0.77  std 0.62     19k steps/s
iter  510  steps   50.14M  trk 0.65  vel  0.81 m/s  hdg  38.1deg  lat 0.27  upr 0.78  std 0.61     19k steps/s
iter  515  steps   50.63M  trk 0.64  vel  0.81 m/s  hdg  38.8deg  lat 0.32  upr 0.78  std 0.61     19k steps/s
iter  520  steps   51.12M  trk 0.58  vel  0.80 m/s  hdg  39.2deg  lat 0.37  upr 0.77  std 0.61     19k steps/s
iter  525  steps   51.61M  trk 0.65  vel  0.79 m/s  hdg  38.7deg  lat 0.21  upr 0.78  std 0.61     19k steps/s
iter  530  steps   52.10M  trk 0.65  vel  0.80 m/s  hdg  38.8deg  lat 0.24  upr 0.78  std 0.61     19k steps/s
iter  535  steps   52.59M  trk 0.65  vel  0.79 m/s  hdg  38.5deg  lat 0.26  upr 0.78  std 0.61     19k steps/s
iter  540  steps   53.08M  trk 0.64  vel  0.80 m/s  hdg  39.5deg  lat 0.30  upr 0.77  std 0.61     19k steps/s
iter  545  steps   53.58M  ret 1781.66  len 1000.0  spd  0.76 m/s  fall 0.42  trk 0.60  vel  0.66 m/s  hdg  41.7deg  lat 0.35  upr 0.78  std 0.66     19k steps/s
iter  550  steps   54.07M  trk 0.65  vel  0.81 m/s  hdg  37.7deg  lat 0.33  upr 0.78  std 0.63     19k steps/s
iter  555  steps   54.56M  trk 0.57  vel  0.80 m/s  hdg  37.8deg  lat 0.37  upr 0.79  std 0.63     19k steps/s
iter  560  steps   55.05M  trk 0.66  vel  0.81 m/s  hdg  37.1deg  lat 0.20  upr 0.79  std 0.63     19k steps/s
iter  565  steps   55.54M  trk 0.66  vel  0.81 m/s  hdg  37.5deg  lat 0.24  upr 0.79  std 0.63     19k steps/s
iter  570  steps   56.03M  trk 0.66  vel  0.82 m/s  hdg  38.4deg  lat 0.30  upr 0.79  std 0.63     19k steps/s
iter  575  steps   56.52M  trk 0.65  vel  0.85 m/s  hdg  40.1deg  lat 0.34  upr 0.78  std 0.63     19k steps/s
iter  580  steps   57.02M  trk 0.57  vel  0.84 m/s  hdg  39.6deg  lat 0.38  upr 0.78  std 0.63     19k steps/s
iter  585  steps   57.51M  ret 1832.93  len 1000.0  spd  0.78 m/s  fall 0.40  trk 0.33  vel  0.17 m/s  hdg  59.3deg  lat 0.40  upr 0.82  std 0.74     19k steps/s
iter  590  steps   58.00M  trk 0.56  vel  0.71 m/s  hdg  40.8deg  lat 0.33  upr 0.75  std 0.58     19k steps/s
iter  595  steps   58.49M  trk 0.61  vel  0.71 m/s  hdg  40.6deg  lat 0.25  upr 0.76  std 0.57     19k steps/s
iter  600  steps   58.98M  trk 0.61  vel  0.73 m/s  hdg  41.8deg  lat 0.25  upr 0.76  std 0.57     19k steps/s
best checkpoint: standing 0.7353 -> C:\Users\punko\Downloads\PoRacer\training\mojucuboy\runs\g22c_sd50\policy_best.pt
done: C:\Users\punko\Downloads\PoRacer\training\mojucuboy\runs\g22c_sd50\policy.pt
